// Jest Snapshot v1, https://goo.gl/fbAQLP

exports[`should render LoginAndRegisterScreen component 1`] = `
<styled.div>
  <Connect(Login) />
  <Connect(Register) />
</styled.div>
`;
