// Jest Snapshot v1, https://goo.gl/fbAQLP

exports[`CartIcon component Should render CartIcon component 1`] = `
<CartContainer
  onClick={[MockFunction]}
>
  <Styled(Component) />
  <ItemCountContainer>
    0
  </ItemCountContainer>
</CartContainer>
`;
